  console.error
    Error: Uncaught [TypeError: window.matchMedia is not a function]
        at reportException (C:\Users\Blas_\Downloads\Mi Panel Antigravity\consulta-pps-uflo\node_modules\jsdom\lib\jsdom\living\helpers\runtime-script-errors.js:66:24)
        at innerInvokeEventListeners (C:\Users\Blas_\Downloads\Mi Panel Antigravity\consulta-pps-uflo\node_modules\jsdom\lib\jsdom\living\events\EventTarget-impl.js:353:9)
        at invokeEventListeners (C:\Users\Blas_\Downloads\Mi Panel Antigravity\consulta-pps-uflo\node_modules\jsdom\lib\jsdom\living\events\EventTarget-impl.js:286:3)
        at HTMLUnknownElementImpl._dispatch (C:\Users\Blas_\Downloads\Mi Panel Antigravity\consulta-pps-uflo\node_modules\jsdom\lib\jsdom\living\events\EventTarget-impl.js:233:9)
        at HTMLUnknownElementImpl.dispatchEvent (C:\Users\Blas_\Downloads\Mi Panel Antigravity\consulta-pps-uflo\node_modules\jsdom\lib\jsdom\living\events\EventTarget-impl.js:104:17)
        at HTMLUnknownElement.dispatchEvent (C:\Users\Blas_\Downloads\Mi Panel Antigravity\consulta-pps-uflo\node_modules\jsdom\lib\jsdom\living\generated\EventTarget.js:241:34)
        at Object.invokeGuardedCallbackDev (C:\Users\Blas_\Downloads\Mi Panel Antigravity\consulta-pps-uflo\node_modules\react-dom\cjs\react-dom.development.js:4213:16)
        at invokeGuardedCallback (C:\Users\Blas_\Downloads\Mi Panel Antigravity\consulta-pps-uflo\node_modules\react-dom\cjs\react-dom.development.js:4277:31)
        at beginWork$1 (C:\Users\Blas_\Downloads\Mi Panel Antigravity\consulta-pps-uflo\node_modules\react-dom\cjs\react-dom.development.js:27490:7)
        at performUnitOfWork (C:\Users\Blas_\Downloads\Mi Panel Antigravity\consulta-pps-uflo\node_modules\react-dom\cjs\react-dom.development.js:26599:12)
        at workLoopSync (C:\Users\Blas_\Downloads\Mi Panel Antigravity\consulta-pps-uflo\node_modules\react-dom\cjs\react-dom.development.js:26505:5)
        at renderRootSync (C:\Users\Blas_\Downloads\Mi Panel Antigravity\consulta-pps-uflo\node_modules\react-dom\cjs\react-dom.development.js:26473:7)
        at performConcurrentWorkOnRoot (C:\Users\Blas_\Downloads\Mi Panel Antigravity\consulta-pps-uflo\node_modules\react-dom\cjs\react-dom.development.js:25777:74)
        at flushActQueue (C:\Users\Blas_\Downloads\Mi Panel Antigravity\consulta-pps-uflo\node_modules\react\cjs\react.development.js:2667:24)
        at act (C:\Users\Blas_\Downloads\Mi Panel Antigravity\consulta-pps-uflo\node_modules\react\cjs\react.development.js:2582:11)
        at C:\Users\Blas_\Downloads\Mi Panel Antigravity\consulta-pps-uflo\node_modules\@testing-library\react\dist\act-compat.js:47:25
        at renderRoot (C:\Users\Blas_\Downloads\Mi Panel Antigravity\consulta-pps-uflo\node_modules\@testing-library\react\dist\pure.js:180:26)
        at render (C:\Users\Blas_\Downloads\Mi Panel Antigravity\consulta-pps-uflo\node_modules\@testing-library\react\dist\pure.js:271:10)
        at Object.<anonymous> (C:\Users\Blas_\Downloads\Mi Panel Antigravity\consulta-pps-uflo\src\views\__tests__\StudentView.integration.test.tsx:81:11)
        at Promise.then.completed (C:\Users\Blas_\Downloads\Mi Panel Antigravity\consulta-pps-uflo\node_modules\jest-circus\build\utils.js:298:28)
        at new Promise (<anonymous>)
        at callAsyncCircusFn (C:\Users\Blas_\Downloads\Mi Panel Antigravity\consulta-pps-uflo\node_modules\jest-circus\build\utils.js:231:10)
        at _callCircusTest (C:\Users\Blas_\Downloads\Mi Panel Antigravity\consulta-pps-uflo\node_modules\jest-circus\build\run.js:316:40)
        at async _runTest (C:\Users\Blas_\Downloads\Mi Panel Antigravity\consulta-pps-uflo\node_modules\jest-circus\build\run.js:252:3)
        at async _runTestsForDescribeBlock (C:\Users\Blas_\Downloads\Mi Panel Antigravity\consulta-pps-uflo\node_modules\jest-circus\build\run.js:126:9)
        at async _runTestsForDescribeBlock (C:\Users\Blas_\Downloads\Mi Panel Antigravity\consulta-pps-uflo\node_modules\jest-circus\build\run.js:121:9)
        at async run (C:\Users\Blas_\Downloads\Mi Panel Antigravity\consulta-pps-uflo\node_modules\jest-circus\build\run.js:71:3)
        at async runAndTransformResultsToJestFormat (C:\Users\Blas_\Downloads\Mi Panel Antigravity\consulta-pps-uflo\node_modules\jest-circus\build\legacy-code-todo-rewrite\jestAdapterInit.js:122:21)
        at async jestAdapter (C:\Users\Blas_\Downloads\Mi Panel Antigravity\consulta-pps-uflo\node_modules\jest-circus\build\legacy-code-todo-rewrite\jestAdapter.js:79:19)
        at async runTestInternal (C:\Users\Blas_\Downloads\Mi Panel Antigravity\consulta-pps-uflo\node_modules\jest-runner\build\runTest.js:367:16)
        at async runTest (C:\Users\Blas_\Downloads\Mi Panel Antigravity\consulta-pps-uflo\node_modules\jest-runner\build\runTest.js:444:34) {
      detail: TypeError: window.matchMedia is not a function
          at getInitialTheme (C:\Users\Blas_\Downloads\Mi Panel Antigravity\consulta-pps-uflo\src\contexts\ThemeContext.tsx:19:16)
          at mountState (C:\Users\Blas_\Downloads\Mi Panel Antigravity\consulta-pps-uflo\node_modules\react-dom\cjs\react-dom.development.js:16167:20)
          at Object.useState (C:\Users\Blas_\Downloads\Mi Panel Antigravity\consulta-pps-uflo\node_modules\react-dom\cjs\react-dom.development.js:16880:16)
          at useState (C:\Users\Blas_\Downloads\Mi Panel Antigravity\consulta-pps-uflo\node_modules\react\cjs\react.development.js:1622:21)
          at ThemeProvider (C:\Users\Blas_\Downloads\Mi Panel Antigravity\consulta-pps-uflo\src\contexts\ThemeContext.tsx:27:42)
          at renderWithHooks (C:\Users\Blas_\Downloads\Mi Panel Antigravity\consulta-pps-uflo\node_modules\react-dom\cjs\react-dom.development.js:15486:18)
          at mountIndeterminateComponent (C:\Users\Blas_\Downloads\Mi Panel Antigravity\consulta-pps-uflo\node_modules\react-dom\cjs\react-dom.development.js:20103:13)
          at beginWork (C:\Users\Blas_\Downloads\Mi Panel Antigravity\consulta-pps-uflo\node_modules\react-dom\cjs\react-dom.development.js:21626:16)
          at HTMLUnknownElement.callCallback (C:\Users\Blas_\Downloads\Mi Panel Antigravity\consulta-pps-uflo\node_modules\react-dom\cjs\react-dom.development.js:4164:14)
          at HTMLUnknownElement.callTheUserObjectsOperation (C:\Users\Blas_\Downloads\Mi Panel Antigravity\consulta-pps-uflo\node_modules\jsdom\lib\jsdom\living\generated\EventListener.js:26:30)
          at innerInvokeEventListeners (C:\Users\Blas_\Downloads\Mi Panel Antigravity\consulta-pps-uflo\node_modules\jsdom\lib\jsdom\living\events\EventTarget-impl.js:350:25)
          at invokeEventListeners (C:\Users\Blas_\Downloads\Mi Panel Antigravity\consulta-pps-uflo\node_modules\jsdom\lib\jsdom\living\events\EventTarget-impl.js:286:3)
          at HTMLUnknownElementImpl._dispatch (C:\Users\Blas_\Downloads\Mi Panel Antigravity\consulta-pps-uflo\node_modules\jsdom\lib\jsdom\living\events\EventTarget-impl.js:233:9)
          at HTMLUnknownElementImpl.dispatchEvent (C:\Users\Blas_\Downloads\Mi Panel Antigravity\consulta-pps-uflo\node_modules\jsdom\lib\jsdom\living\events\EventTarget-impl.js:104:17)
          at HTMLUnknownElement.dispatchEvent (C:\Users\Blas_\Downloads\Mi Panel Antigravity\consulta-pps-uflo\node_modules\jsdom\lib\jsdom\living\generated\EventTarget.js:241:34)
          at Object.invokeGuardedCallbackDev (C:\Users\Blas_\Downloads\Mi Panel Antigravity\consulta-pps-uflo\node_modules\react-dom\cjs\react-dom.development.js:4213:16)
          at invokeGuardedCallback (C:\Users\Blas_\Downloads\Mi Panel Antigravity\consulta-pps-uflo\node_modules\react-dom\cjs\react-dom.development.js:4277:31)
          at beginWork$1 (C:\Users\Blas_\Downloads\Mi Panel Antigravity\consulta-pps-uflo\node_modules\react-dom\cjs\react-dom.development.js:27490:7)
          at performUnitOfWork (C:\Users\Blas_\Downloads\Mi Panel Antigravity\consulta-pps-uflo\node_modules\react-dom\cjs\react-dom.development.js:26599:12)
          at workLoopSync (C:\Users\Blas_\Downloads\Mi Panel Antigravity\consulta-pps-uflo\node_modules\react-dom\cjs\react-dom.development.js:26505:5)
          at renderRootSync (C:\Users\Blas_\Downloads\Mi Panel Antigravity\consulta-pps-uflo\node_modules\react-dom\cjs\react-dom.development.js:26473:7)
          at performConcurrentWorkOnRoot (C:\Users\Blas_\Downloads\Mi Panel Antigravity\consulta-pps-uflo\node_modules\react-dom\cjs\react-dom.development.js:25777:74)
          at flushActQueue (C:\Users\Blas_\Downloads\Mi Panel Antigravity\consulta-pps-uflo\node_modules\react\cjs\react.development.js:2667:24)
          at act (C:\Users\Blas_\Downloads\Mi Panel Antigravity\consulta-pps-uflo\node_modules\react\cjs\react.development.js:2582:11)
          at C:\Users\Blas_\Downloads\Mi Panel Antigravity\consulta-pps-uflo\node_modules\@testing-library\react\dist\act-compat.js:47:25
          at renderRoot (C:\Users\Blas_\Downloads\Mi Panel Antigravity\consulta-pps-uflo\node_modules\@testing-library\react\dist\pure.js:180:26)
          at render (C:\Users\Blas_\Downloads\Mi Panel Antigravity\consulta-pps-uflo\node_modules\@testing-library\react\dist\pure.js:271:10)
          at Object.<anonymous> (C:\Users\Blas_\Downloads\Mi Panel Antigravity\consulta-pps-uflo\src\views\__tests__\StudentView.integration.test.tsx:81:11)
          at Promise.then.completed (C:\Users\Blas_\Downloads\Mi Panel Antigravity\consulta-pps-uflo\node_modules\jest-circus\build\utils.js:298:28)
          at new Promise (<anonymous>)
          at callAsyncCircusFn (C:\Users\Blas_\Downloads\Mi Panel Antigravity\consulta-pps-uflo\node_modules\jest-circus\build\utils.js:231:10)
          at _callCircusTest (C:\Users\Blas_\Downloads\Mi Panel Antigravity\consulta-pps-uflo\node_modules\jest-circus\build\run.js:316:40)
          at async _runTest (C:\Users\Blas_\Downloads\Mi Panel Antigravity\consulta-pps-uflo\node_modules\jest-circus\build\run.js:252:3)
          at async _runTestsForDescribeBlock (C:\Users\Blas_\Downloads\Mi Panel Antigravity\consulta-pps-uflo\node_modules\jest-circus\build\run.js:126:9)
          at async _runTestsForDescribeBlock (C:\Users\Blas_\Downloads\Mi Panel Antigravity\consulta-pps-uflo\node_modules\jest-circus\build\run.js:121:9)
          at async run (C:\Users\Blas_\Downloads\Mi Panel Antigravity\consulta-pps-uflo\node_modules\jest-circus\build\run.js:71:3)
          at async runAndTransformResultsToJestFormat (C:\Users\Blas_\Downloads\Mi Panel Antigravity\consulta-pps-uflo\node_modules\jest-circus\build\legacy-code-todo-rewrite\jestAdapterInit.js:122:21)
          at async jestAdapter (C:\Users\Blas_\Downloads\Mi Panel Antigravity\consulta-pps-uflo\node_modules\jest-circus\build\legacy-code-todo-rewrite\jestAdapter.js:79:19)
          at async runTestInternal (C:\Users\Blas_\Downloads\Mi Panel Antigravity\consulta-pps-uflo\node_modules\jest-runner\build\runTest.js:367:16)
          at async runTest (C:\Users\Blas_\Downloads\Mi Panel Antigravity\consulta-pps-uflo\node_modules\jest-runner\build\runTest.js:444:34),
      type: 'unhandled exception'
    }

    [0m [90m 79 |[39m
     [90m 80 |[39m     [36mconst[39m queryClient [33m=[39m [36mnew[39m [33mQueryClient[39m()[33m;[39m
    [31m[1m>[22m[39m[90m 81 |[39m     render(
     [90m    |[39m           [31m[1m^[22m[39m
     [90m 82 |[39m       [33m<[39m[33mQueryClientProvider[39m client[33m=[39m{queryClient}[33m>[39m
     [90m 83 |[39m         [33m<[39m[33mAuthProvider[39m[33m>[39m
     [90m 84 |[39m           [33m<[39m[33mApp[39m [33m/[39m[33m>[39m[0m

      at VirtualConsole.<anonymous> (node_modules/jest-environment-jsdom/build/index.js:63:23)
      at reportException (node_modules/jsdom/lib/jsdom/living/helpers/runtime-script-errors.js:70:28)
      at innerInvokeEventListeners (node_modules/jsdom/lib/jsdom/living/events/EventTarget-impl.js:353:9)
      at invokeEventListeners (node_modules/jsdom/lib/jsdom/living/events/EventTarget-impl.js:286:3)
      at HTMLUnknownElementImpl._dispatch (node_modules/jsdom/lib/jsdom/living/events/EventTarget-impl.js:233:9)
      at HTMLUnknownElementImpl.dispatchEvent (node_modules/jsdom/lib/jsdom/living/events/EventTarget-impl.js:104:17)
      at HTMLUnknownElement.dispatchEvent (node_modules/jsdom/lib/jsdom/living/generated/EventTarget.js:241:34)
      at Object.invokeGuardedCallbackDev (node_modules/react-dom/cjs/react-dom.development.js:4213:16)
      at invokeGuardedCallback (node_modules/react-dom/cjs/react-dom.development.js:4277:31)
      at beginWork$1 (node_modules/react-dom/cjs/react-dom.development.js:27490:7)
      at performUnitOfWork (node_modules/react-dom/cjs/react-dom.development.js:26599:12)
      at workLoopSync (node_modules/react-dom/cjs/react-dom.development.js:26505:5)
      at renderRootSync (node_modules/react-dom/cjs/react-dom.development.js:26473:7)
      at performConcurrentWorkOnRoot (node_modules/react-dom/cjs/react-dom.development.js:25777:74)
      at flushActQueue (node_modules/react/cjs/react.development.js:2667:24)
      at act (node_modules/react/cjs/react.development.js:2582:11)
      at node_modules/@testing-library/react/dist/act-compat.js:47:25
      at renderRoot (node_modules/@testing-library/react/dist/pure.js:180:26)
      at render (node_modules/@testing-library/react/dist/pure.js:271:10)
      at Object.<anonymous> (src/views/__tests__/StudentView.integration.test.tsx:81:11)

  console.error
    Error: Uncaught [TypeError: window.matchMedia is not a function]
        at reportException (C:\Users\Blas_\Downloads\Mi Panel Antigravity\consulta-pps-uflo\node_modules\jsdom\lib\jsdom\living\helpers\runtime-script-errors.js:66:24)
        at innerInvokeEventListeners (C:\Users\Blas_\Downloads\Mi Panel Antigravity\consulta-pps-uflo\node_modules\jsdom\lib\jsdom\living\events\EventTarget-impl.js:353:9)
        at invokeEventListeners (C:\Users\Blas_\Downloads\Mi Panel Antigravity\consulta-pps-uflo\node_modules\jsdom\lib\jsdom\living\events\EventTarget-impl.js:286:3)
        at HTMLUnknownElementImpl._dispatch (C:\Users\Blas_\Downloads\Mi Panel Antigravity\consulta-pps-uflo\node_modules\jsdom\lib\jsdom\living\events\EventTarget-impl.js:233:9)
        at HTMLUnknownElementImpl.dispatchEvent (C:\Users\Blas_\Downloads\Mi Panel Antigravity\consulta-pps-uflo\node_modules\jsdom\lib\jsdom\living\events\EventTarget-impl.js:104:17)
        at HTMLUnknownElement.dispatchEvent (C:\Users\Blas_\Downloads\Mi Panel Antigravity\consulta-pps-uflo\node_modules\jsdom\lib\jsdom\living\generated\EventTarget.js:241:34)
        at Object.invokeGuardedCallbackDev (C:\Users\Blas_\Downloads\Mi Panel Antigravity\consulta-pps-uflo\node_modules\react-dom\cjs\react-dom.development.js:4213:16)
        at invokeGuardedCallback (C:\Users\Blas_\Downloads\Mi Panel Antigravity\consulta-pps-uflo\node_modules\react-dom\cjs\react-dom.development.js:4277:31)
        at beginWork$1 (C:\Users\Blas_\Downloads\Mi Panel Antigravity\consulta-pps-uflo\node_modules\react-dom\cjs\react-dom.development.js:27490:7)
        at performUnitOfWork (C:\Users\Blas_\Downloads\Mi Panel Antigravity\consulta-pps-uflo\node_modules\react-dom\cjs\react-dom.development.js:26599:12)
        at workLoopSync (C:\Users\Blas_\Downloads\Mi Panel Antigravity\consulta-pps-uflo\node_modules\react-dom\cjs\react-dom.development.js:26505:5)
        at renderRootSync (C:\Users\Blas_\Downloads\Mi Panel Antigravity\consulta-pps-uflo\node_modules\react-dom\cjs\react-dom.development.js:26473:7)
        at recoverFromConcurrentError (C:\Users\Blas_\Downloads\Mi Panel Antigravity\consulta-pps-uflo\node_modules\react-dom\cjs\react-dom.development.js:25889:20)
        at performConcurrentWorkOnRoot (C:\Users\Blas_\Downloads\Mi Panel Antigravity\consulta-pps-uflo\node_modules\react-dom\cjs\react-dom.development.js:25789:22)
        at flushActQueue (C:\Users\Blas_\Downloads\Mi Panel Antigravity\consulta-pps-uflo\node_modules\react\cjs\react.development.js:2667:24)
        at act (C:\Users\Blas_\Downloads\Mi Panel Antigravity\consulta-pps-uflo\node_modules\react\cjs\react.development.js:2582:11)
        at C:\Users\Blas_\Downloads\Mi Panel Antigravity\consulta-pps-uflo\node_modules\@testing-library\react\dist\act-compat.js:47:25
        at renderRoot (C:\Users\Blas_\Downloads\Mi Panel Antigravity\consulta-pps-uflo\node_modules\@testing-library\react\dist\pure.js:180:26)
        at render (C:\Users\Blas_\Downloads\Mi Panel Antigravity\consulta-pps-uflo\node_modules\@testing-library\react\dist\pure.js:271:10)
        at Object.<anonymous> (C:\Users\Blas_\Downloads\Mi Panel Antigravity\consulta-pps-uflo\src\views\__tests__\StudentView.integration.test.tsx:81:11)
        at Promise.then.completed (C:\Users\Blas_\Downloads\Mi Panel Antigravity\consulta-pps-uflo\node_modules\jest-circus\build\utils.js:298:28)
        at new Promise (<anonymous>)
        at callAsyncCircusFn (C:\Users\Blas_\Downloads\Mi Panel Antigravity\consulta-pps-uflo\node_modules\jest-circus\build\utils.js:231:10)
        at _callCircusTest (C:\Users\Blas_\Downloads\Mi Panel Antigravity\consulta-pps-uflo\node_modules\jest-circus\build\run.js:316:40)
        at async _runTest (C:\Users\Blas_\Downloads\Mi Panel Antigravity\consulta-pps-uflo\node_modules\jest-circus\build\run.js:252:3)
        at async _runTestsForDescribeBlock (C:\Users\Blas_\Downloads\Mi Panel Antigravity\consulta-pps-uflo\node_modules\jest-circus\build\run.js:126:9)
        at async _runTestsForDescribeBlock (C:\Users\Blas_\Downloads\Mi Panel Antigravity\consulta-pps-uflo\node_modules\jest-circus\build\run.js:121:9)
        at async run (C:\Users\Blas_\Downloads\Mi Panel Antigravity\consulta-pps-uflo\node_modules\jest-circus\build\run.js:71:3)
        at async runAndTransformResultsToJestFormat (C:\Users\Blas_\Downloads\Mi Panel Antigravity\consulta-pps-uflo\node_modules\jest-circus\build\legacy-code-todo-rewrite\jestAdapterInit.js:122:21)
        at async jestAdapter (C:\Users\Blas_\Downloads\Mi Panel Antigravity\consulta-pps-uflo\node_modules\jest-circus\build\legacy-code-todo-rewrite\jestAdapter.js:79:19)
        at async runTestInternal (C:\Users\Blas_\Downloads\Mi Panel Antigravity\consulta-pps-uflo\node_modules\jest-runner\build\runTest.js:367:16)
        at async runTest (C:\Users\Blas_\Downloads\Mi Panel Antigravity\consulta-pps-uflo\node_modules\jest-runner\build\runTest.js:444:34) {
      detail: TypeError: window.matchMedia is not a function
          at getInitialTheme (C:\Users\Blas_\Downloads\Mi Panel Antigravity\consulta-pps-uflo\src\contexts\ThemeContext.tsx:19:16)
          at mountState (C:\Users\Blas_\Downloads\Mi Panel Antigravity\consulta-pps-uflo\node_modules\react-dom\cjs\react-dom.development.js:16167:20)
          at Object.useState (C:\Users\Blas_\Downloads\Mi Panel Antigravity\consulta-pps-uflo\node_modules\react-dom\cjs\react-dom.development.js:16880:16)
          at useState (C:\Users\Blas_\Downloads\Mi Panel Antigravity\consulta-pps-uflo\node_modules\react\cjs\react.development.js:1622:21)
          at ThemeProvider (C:\Users\Blas_\Downloads\Mi Panel Antigravity\consulta-pps-uflo\src\contexts\ThemeContext.tsx:27:42)
          at renderWithHooks (C:\Users\Blas_\Downloads\Mi Panel Antigravity\consulta-pps-uflo\node_modules\react-dom\cjs\react-dom.development.js:15486:18)
          at mountIndeterminateComponent (C:\Users\Blas_\Downloads\Mi Panel Antigravity\consulta-pps-uflo\node_modules\react-dom\cjs\react-dom.development.js:20103:13)
          at beginWork (C:\Users\Blas_\Downloads\Mi Panel Antigravity\consulta-pps-uflo\node_modules\react-dom\cjs\react-dom.development.js:21626:16)
          at HTMLUnknownElement.callCallback (C:\Users\Blas_\Downloads\Mi Panel Antigravity\consulta-pps-uflo\node_modules\react-dom\cjs\react-dom.development.js:4164:14)
          at HTMLUnknownElement.callTheUserObjectsOperation (C:\Users\Blas_\Downloads\Mi Panel Antigravity\consulta-pps-uflo\node_modules\jsdom\lib\jsdom\living\generated\EventListener.js:26:30)
          at innerInvokeEventListeners (C:\Users\Blas_\Downloads\Mi Panel Antigravity\consulta-pps-uflo\node_modules\jsdom\lib\jsdom\living\events\EventTarget-impl.js:350:25)
          at invokeEventListeners (C:\Users\Blas_\Downloads\Mi Panel Antigravity\consulta-pps-uflo\node_modules\jsdom\lib\jsdom\living\events\EventTarget-impl.js:286:3)
          at HTMLUnknownElementImpl._dispatch (C:\Users\Blas_\Downloads\Mi Panel Antigravity\consulta-pps-uflo\node_modules\jsdom\lib\jsdom\living\events\EventTarget-impl.js:233:9)
          at HTMLUnknownElementImpl.dispatchEvent (C:\Users\Blas_\Downloads\Mi Panel Antigravity\consulta-pps-uflo\node_modules\jsdom\lib\jsdom\living\events\EventTarget-impl.js:104:17)
          at HTMLUnknownElement.dispatchEvent (C:\Users\Blas_\Downloads\Mi Panel Antigravity\consulta-pps-uflo\node_modules\jsdom\lib\jsdom\living\generated\EventTarget.js:241:34)
          at Object.invokeGuardedCallbackDev (C:\Users\Blas_\Downloads\Mi Panel Antigravity\consulta-pps-uflo\node_modules\react-dom\cjs\react-dom.development.js:4213:16)
          at invokeGuardedCallback (C:\Users\Blas_\Downloads\Mi Panel Antigravity\consulta-pps-uflo\node_modules\react-dom\cjs\react-dom.development.js:4277:31)
          at beginWork$1 (C:\Users\Blas_\Downloads\Mi Panel Antigravity\consulta-pps-uflo\node_modules\react-dom\cjs\react-dom.development.js:27490:7)
          at performUnitOfWork (C:\Users\Blas_\Downloads\Mi Panel Antigravity\consulta-pps-uflo\node_modules\react-dom\cjs\react-dom.development.js:26599:12)
          at workLoopSync (C:\Users\Blas_\Downloads\Mi Panel Antigravity\consulta-pps-uflo\node_modules\react-dom\cjs\react-dom.development.js:26505:5)
          at renderRootSync (C:\Users\Blas_\Downloads\Mi Panel Antigravity\consulta-pps-uflo\node_modules\react-dom\cjs\react-dom.development.js:26473:7)
          at recoverFromConcurrentError (C:\Users\Blas_\Downloads\Mi Panel Antigravity\consulta-pps-uflo\node_modules\react-dom\cjs\react-dom.development.js:25889:20)
          at performConcurrentWorkOnRoot (C:\Users\Blas_\Downloads\Mi Panel Antigravity\consulta-pps-uflo\node_modules\react-dom\cjs\react-dom.development.js:25789:22)
          at flushActQueue (C:\Users\Blas_\Downloads\Mi Panel Antigravity\consulta-pps-uflo\node_modules\react\cjs\react.development.js:2667:24)
          at act (C:\Users\Blas_\Downloads\Mi Panel Antigravity\consulta-pps-uflo\node_modules\react\cjs\react.development.js:2582:11)
          at C:\Users\Blas_\Downloads\Mi Panel Antigravity\consulta-pps-uflo\node_modules\@testing-library\react\dist\act-compat.js:47:25
          at renderRoot (C:\Users\Blas_\Downloads\Mi Panel Antigravity\consulta-pps-uflo\node_modules\@testing-library\react\dist\pure.js:180:26)
          at render (C:\Users\Blas_\Downloads\Mi Panel Antigravity\consulta-pps-uflo\node_modules\@testing-library\react\dist\pure.js:271:10)
          at Object.<anonymous> (C:\Users\Blas_\Downloads\Mi Panel Antigravity\consulta-pps-uflo\src\views\__tests__\StudentView.integration.test.tsx:81:11)
          at Promise.then.completed (C:\Users\Blas_\Downloads\Mi Panel Antigravity\consulta-pps-uflo\node_modules\jest-circus\build\utils.js:298:28)
          at new Promise (<anonymous>)
          at callAsyncCircusFn (C:\Users\Blas_\Downloads\Mi Panel Antigravity\consulta-pps-uflo\node_modules\jest-circus\build\utils.js:231:10)
          at _callCircusTest (C:\Users\Blas_\Downloads\Mi Panel Antigravity\consulta-pps-uflo\node_modules\jest-circus\build\run.js:316:40)
          at async _runTest (C:\Users\Blas_\Downloads\Mi Panel Antigravity\consulta-pps-uflo\node_modules\jest-circus\build\run.js:252:3)
          at async _runTestsForDescribeBlock (C:\Users\Blas_\Downloads\Mi Panel Antigravity\consulta-pps-uflo\node_modules\jest-circus\build\run.js:126:9)
          at async _runTestsForDescribeBlock (C:\Users\Blas_\Downloads\Mi Panel Antigravity\consulta-pps-uflo\node_modules\jest-circus\build\run.js:121:9)
          at async run (C:\Users\Blas_\Downloads\Mi Panel Antigravity\consulta-pps-uflo\node_modules\jest-circus\build\run.js:71:3)
          at async runAndTransformResultsToJestFormat (C:\Users\Blas_\Downloads\Mi Panel Antigravity\consulta-pps-uflo\node_modules\jest-circus\build\legacy-code-todo-rewrite\jestAdapterInit.js:122:21)
          at async jestAdapter (C:\Users\Blas_\Downloads\Mi Panel Antigravity\consulta-pps-uflo\node_modules\jest-circus\build\legacy-code-todo-rewrite\jestAdapter.js:79:19)
          at async runTestInternal (C:\Users\Blas_\Downloads\Mi Panel Antigravity\consulta-pps-uflo\node_modules\jest-runner\build\runTest.js:367:16)
          at async runTest (C:\Users\Blas_\Downloads\Mi Panel Antigravity\consulta-pps-uflo\node_modules\jest-runner\build\runTest.js:444:34),
      type: 'unhandled exception'
    }

    [0m [90m 79 |[39m
     [90m 80 |[39m     [36mconst[39m queryClient [33m=[39m [36mnew[39m [33mQueryClient[39m()[33m;[39m
    [31m[1m>[22m[39m[90m 81 |[39m     render(
     [90m    |[39m           [31m[1m^[22m[39m
     [90m 82 |[39m       [33m<[39m[33mQueryClientProvider[39m client[33m=[39m{queryClient}[33m>[39m
     [90m 83 |[39m         [33m<[39m[33mAuthProvider[39m[33m>[39m
     [90m 84 |[39m           [33m<[39m[33mApp[39m [33m/[39m[33m>[39m[0m

      at VirtualConsole.<anonymous> (node_modules/jest-environment-jsdom/build/index.js:63:23)
      at reportException (node_modules/jsdom/lib/jsdom/living/helpers/runtime-script-errors.js:70:28)
      at innerInvokeEventListeners (node_modules/jsdom/lib/jsdom/living/events/EventTarget-impl.js:353:9)
      at invokeEventListeners (node_modules/jsdom/lib/jsdom/living/events/EventTarget-impl.js:286:3)
      at HTMLUnknownElementImpl._dispatch (node_modules/jsdom/lib/jsdom/living/events/EventTarget-impl.js:233:9)
      at HTMLUnknownElementImpl.dispatchEvent (node_modules/jsdom/lib/jsdom/living/events/EventTarget-impl.js:104:17)
      at HTMLUnknownElement.dispatchEvent (node_modules/jsdom/lib/jsdom/living/generated/EventTarget.js:241:34)
      at Object.invokeGuardedCallbackDev (node_modules/react-dom/cjs/react-dom.development.js:4213:16)
      at invokeGuardedCallback (node_modules/react-dom/cjs/react-dom.development.js:4277:31)
      at beginWork$1 (node_modules/react-dom/cjs/react-dom.development.js:27490:7)
      at performUnitOfWork (node_modules/react-dom/cjs/react-dom.development.js:26599:12)
      at workLoopSync (node_modules/react-dom/cjs/react-dom.development.js:26505:5)
      at renderRootSync (node_modules/react-dom/cjs/react-dom.development.js:26473:7)
      at recoverFromConcurrentError (node_modules/react-dom/cjs/react-dom.development.js:25889:20)
      at performConcurrentWorkOnRoot (node_modules/react-dom/cjs/react-dom.development.js:25789:22)
      at flushActQueue (node_modules/react/cjs/react.development.js:2667:24)
      at act (node_modules/react/cjs/react.development.js:2582:11)
      at node_modules/@testing-library/react/dist/act-compat.js:47:25
      at renderRoot (node_modules/@testing-library/react/dist/pure.js:180:26)
      at render (node_modules/@testing-library/react/dist/pure.js:271:10)
      at Object.<anonymous> (src/views/__tests__/StudentView.integration.test.tsx:81:11)

  console.error
    The above error occurred in the <ThemeProvider> component:
    
        at ThemeProvider (C:\Users\Blas_\Downloads\Mi Panel Antigravity\consulta-pps-uflo\src\contexts\ThemeContext.tsx:26:68)
        at PwaInstallProvider (C:\Users\Blas_\Downloads\Mi Panel Antigravity\consulta-pps-uflo\src\contexts\PwaInstallContext.tsx:27:73)
        at NotificationProvider (C:\Users\Blas_\Downloads\Mi Panel Antigravity\consulta-pps-uflo\src\contexts\NotificationContext.tsx:63:75)
        at AdminPreferencesProvider (C:\Users\Blas_\Downloads\Mi Panel Antigravity\consulta-pps-uflo\src\contexts\AdminPreferencesContext.tsx:38:79)
        at ConfigProvider (C:\Users\Blas_\Downloads\Mi Panel Antigravity\consulta-pps-uflo\src\contexts\ConfigContext.tsx:23:69)
        at Router (C:\Users\Blas_\Downloads\Mi Panel Antigravity\consulta-pps-uflo\node_modules\react-router\lib\components.tsx:413:13)
        at HashRouter (C:\Users\Blas_\Downloads\Mi Panel Antigravity\consulta-pps-uflo\node_modules\react-router-dom\index.tsx:833:3)
        at ErrorProvider (C:\Users\Blas_\Downloads\Mi Panel Antigravity\consulta-pps-uflo\src\contexts\ErrorContext.tsx:19:74)
        at App
        at AuthProvider (C:\Users\Blas_\Downloads\Mi Panel Antigravity\consulta-pps-uflo\src\contexts\AuthContext.tsx:45:67)
        at QueryClientProvider (C:\Users\Blas_\Downloads\Mi Panel Antigravity\consulta-pps-uflo\node_modules\@tanstack\react-query\src\QueryClientProvider.tsx:30:3)
    
    Consider adding an error boundary to your tree to customize error handling behavior.
    Visit https://reactjs.org/link/error-boundaries to learn more about error boundaries.

    [0m [90m 79 |[39m
     [90m 80 |[39m     [36mconst[39m queryClient [33m=[39m [36mnew[39m [33mQueryClient[39m()[33m;[39m
    [31m[1m>[22m[39m[90m 81 |[39m     render(
     [90m    |[39m           [31m[1m^[22m[39m
     [90m 82 |[39m       [33m<[39m[33mQueryClientProvider[39m client[33m=[39m{queryClient}[33m>[39m
     [90m 83 |[39m         [33m<[39m[33mAuthProvider[39m[33m>[39m
     [90m 84 |[39m           [33m<[39m[33mApp[39m [33m/[39m[33m>[39m[0m

      at logCapturedError (node_modules/react-dom/cjs/react-dom.development.js:18704:23)
      at update.callback (node_modules/react-dom/cjs/react-dom.development.js:18737:5)
      at callCallback (node_modules/react-dom/cjs/react-dom.development.js:15036:12)
      at commitUpdateQueue (node_modules/react-dom/cjs/react-dom.development.js:15057:9)
      at commitLayoutEffectOnFiber (node_modules/react-dom/cjs/react-dom.development.js:23430:13)
      at commitLayoutMountEffects_complete (node_modules/react-dom/cjs/react-dom.development.js:24727:9)
      at commitLayoutEffects_begin (node_modules/react-dom/cjs/react-dom.development.js:24713:7)
      at commitLayoutEffects (node_modules/react-dom/cjs/react-dom.development.js:24651:3)
      at commitRootImpl (node_modules/react-dom/cjs/react-dom.development.js:26862:5)
      at commitRoot (node_modules/react-dom/cjs/react-dom.development.js:26721:5)
      at finishConcurrentRender (node_modules/react-dom/cjs/react-dom.development.js:25931:9)
      at performConcurrentWorkOnRoot (node_modules/react-dom/cjs/react-dom.development.js:25848:7)
      at flushActQueue (node_modules/react/cjs/react.development.js:2667:24)
      at act (node_modules/react/cjs/react.development.js:2582:11)
      at node_modules/@testing-library/react/dist/act-compat.js:47:25
      at renderRoot (node_modules/@testing-library/react/dist/pure.js:180:26)
      at render (node_modules/@testing-library/react/dist/pure.js:271:10)
      at Object.<anonymous> (src/views/__tests__/StudentView.integration.test.tsx:81:11)

node.exe : FAIL src/views/__tests__/StudentView.integration.test.tsx
En línea: 1 Carácter: 1
+ & "C:\Program Files\nodejs/node.exe" "C:\Users\Blas_\AppData\Roaming\ ...
+ ~~~~~~~~~~~~~~~~~~~~~~~~~~~~~~~~~~~~~~~~~~~~~~~~~~~~~~~~~~~~~~~~~~~~~
    + CategoryInfo          : NotSpecified: (FAIL src/views/...ration.test.tsx:String) [], RemoteException
    + FullyQualifiedErrorId : NativeCommandError
 
  Flujo de Inscripci├│n de Estudiante (Integration Test)
    ├ù permite a un estudiante iniciar sesi├│n, ver convocatorias e inscribirse (137 ms)

  ÔùÅ Flujo de Inscripci├│n de Estudiante (Integration Test) ÔÇ║ permite a un estudiante iniciar sesi├│n, ver 
convocatorias e inscribirse

    TypeError: window.matchMedia is not a function

    [0m [90m 17 |[39m       [36mreturn[39m storedPrefs [33m===[39m [32m"dark"[39m [33m?[39m 
[32m"dark"[39m [33m:[39m [32m"light"[39m[33m;[39m
     [90m 18 |[39m     }
    [31m[1m>[22m[39m[90m 19 |[39m     [36mif[39m 
(window[33m.[39mmatchMedia([32m"(prefers-color-scheme: dark)"[39m)[33m.[39mmatches) {
     [90m    |[39m                [31m[1m^[22m[39m
     [90m 20 |[39m       [36mreturn[39m [32m"dark"[39m[33m;[39m
     [90m 21 |[39m     }
     [90m 22 |[39m   }[0m

      at getInitialTheme (src/contexts/ThemeContext.tsx:19:16)
      at mountState (node_modules/react-dom/cjs/react-dom.development.js:16167:20)
      at Object.useState (node_modules/react-dom/cjs/react-dom.development.js:16880:16)
      at useState (node_modules/react/cjs/react.development.js:1622:21)
      at ThemeProvider (src/contexts/ThemeContext.tsx:27:42)
      at renderWithHooks (node_modules/react-dom/cjs/react-dom.development.js:15486:18)
      at mountIndeterminateComponent (node_modules/react-dom/cjs/react-dom.development.js:20103:13)
      at beginWork (node_modules/react-dom/cjs/react-dom.development.js:21626:16)
      at beginWork$1 (node_modules/react-dom/cjs/react-dom.development.js:27465:14)
      at performUnitOfWork (node_modules/react-dom/cjs/react-dom.development.js:26599:12)
      at workLoopSync (node_modules/react-dom/cjs/react-dom.development.js:26505:5)
      at renderRootSync (node_modules/react-dom/cjs/react-dom.development.js:26473:7)
      at recoverFromConcurrentError (node_modules/react-dom/cjs/react-dom.development.js:25889:20)
      at performConcurrentWorkOnRoot (node_modules/react-dom/cjs/react-dom.development.js:25789:22)
      at flushActQueue (node_modules/react/cjs/react.development.js:2667:24)
      at act (node_modules/react/cjs/react.development.js:2582:11)
      at node_modules/@testing-library/react/dist/act-compat.js:47:25
      at renderRoot (node_modules/@testing-library/react/dist/pure.js:180:26)
      at render (node_modules/@testing-library/react/dist/pure.js:271:10)
      at Object.<anonymous> (src/views/__tests__/StudentView.integration.test.tsx:81:11)

Test Suites: 1 failed, 1 total
Tests:       1 failed, 1 total
Snapshots:   0 total
Time:        2.628 s, estimated 3 s
Ran all test suites matching /src\\views\\__tests__\\StudentView.integration.test.tsx/i.
